02-06 14:29:41.935  3962  3982 I TestRunner: started: navigate_to_side_menu_from_entree_menu(com.example.lunchtray.NavigationTests)
02-06 14:29:41.938  3962  3962 D LifecycleMonitor: Lifecycle status change: androidx.fragment.app.testing.FragmentScenario$EmptyFragmentActivity@224b870 in: DESTROYED
02-06 14:29:41.938  3962  3962 V ActivityScenario: Update currentActivityStage to DESTROYED, currentActivity=null
02-06 14:29:41.993  3962  3962 I chatty  : uid=10123(com.example.lunchtray) identical 6 lines
02-06 14:29:41.993  3962  3962 V ActivityScenario: Update currentActivityStage to DESTROYED, currentActivity=null
02-06 14:29:42.051  3962  3982 W Settings: Setting always_finish_activities has moved from android.provider.Settings.System to android.provider.Settings.Global, returning read-only value.
02-06 14:29:42.064   503   525 D EventSequenceValidator: Transition from ACTIVITY_FINISHED to INTENT_STARTED
02-06 14:29:42.072   503   525 D EventSequenceValidator: Transition from INTENT_STARTED to ACTIVITY_LAUNCHED
02-06 14:29:42.083   503  2710 W InputReader: Device virtio_input_multi_touch_10 is associated with display ADISPLAY_ID_NONE.
02-06 14:29:42.083   503  2710 W InputReader: Device virtio_input_multi_touch_9 is associated with display ADISPLAY_ID_NONE.
02-06 14:29:42.083   503  2710 W InputReader: Device virtio_input_multi_touch_6 is associated with display ADISPLAY_ID_NONE.
02-06 14:29:42.083   503  2710 W InputReader: Device virtio_input_multi_touch_3 is associated with display ADISPLAY_ID_NONE.
02-06 14:29:42.083   503  2710 W InputReader: Device virtio_input_multi_touch_4 is associated with display ADISPLAY_ID_NONE.
02-06 14:29:42.083   503  2710 W InputReader: Device virtio_input_multi_touch_7 is associated with display ADISPLAY_ID_NONE.
02-06 14:29:42.083   503  2710 W InputReader: Device virtio_input_multi_touch_8 is associated with display ADISPLAY_ID_NONE.
02-06 14:29:42.083   503  2710 W InputReader: Device virtio_input_multi_touch_11 is associated with display ADISPLAY_ID_NONE.
02-06 14:29:42.083   503  2710 W InputReader: Device virtio_input_multi_touch_5 is associated with display ADISPLAY_ID_NONE.
02-06 14:29:42.083   503  2710 W InputReader: Device virtio_input_multi_touch_2 is associated with display ADISPLAY_ID_NONE.
02-06 14:29:42.083   503  2710 W InputReader: Device virtio_input_multi_touch_10 is associated with display ADISPLAY_ID_NONE.
02-06 14:29:42.083   503  2710 W InputReader: Device virtio_input_multi_touch_9 is associated with display ADISPLAY_ID_NONE.
02-06 14:29:42.083   503  2710 W InputReader: Device virtio_input_multi_touch_6 is associated with display ADISPLAY_ID_NONE.
02-06 14:29:42.083   503  2710 W InputReader: Device virtio_input_multi_touch_3 is associated with display ADISPLAY_ID_NONE.
02-06 14:29:42.083   503  2710 W InputReader: Device virtio_input_multi_touch_4 is associated with display ADISPLAY_ID_NONE.
02-06 14:29:42.083   503  2710 W InputReader: Device virtio_input_multi_touch_7 is associated with display ADISPLAY_ID_NONE.
02-06 14:29:42.084   503  2710 W InputReader: Device virtio_input_multi_touch_8 is associated with display ADISPLAY_ID_NONE.
02-06 14:29:42.084   503  2710 W InputReader: Device virtio_input_multi_touch_11 is associated with display ADISPLAY_ID_NONE.
02-06 14:29:42.084   503  2710 W InputReader: Device virtio_input_multi_touch_5 is associated with display ADISPLAY_ID_NONE.
02-06 14:29:42.084   503  2710 W InputReader: Device virtio_input_multi_touch_2 is associated with display ADISPLAY_ID_NONE.
02-06 14:29:42.170  3962  3962 D LifecycleMonitor: Lifecycle status change: androidx.test.core.app.InstrumentationActivityInvoker$BootstrapActivity@d928aa7 in: PRE_ON_CREATE
02-06 14:29:42.170  3962  3962 V ActivityScenario: Activity lifecycle changed event received but ignored because the intent does not match. startActivityIntent=Intent { act=android.intent.action.MAIN cat=[android.intent.category.LAUNCHER] cmp=com.example.lunchtray/androidx.fragment.app.testing.FragmentScenario$EmptyFragmentActivity (has extras) }, activity.getIntent()=Intent { act=android.intent.action.MAIN cat=[android.intent.category.LAUNCHER] flg=0x10008000 cmp=com.example.lunchtray/androidx.test.core.app.InstrumentationActivityInvoker$BootstrapActivity (has extras) }, activity=androidx.test.core.app.InstrumentationActivityInvoker$BootstrapActivity@d928aa7
02-06 14:29:42.172  3962  3962 I chatty  : uid=10123(com.example.lunchtray) identical 7 lines
02-06 14:29:42.172  3962  3962 V ActivityScenario: Activity lifecycle changed event received but ignored because the intent does not match. startActivityIntent=Intent { act=android.intent.action.MAIN cat=[android.intent.category.LAUNCHER] cmp=com.example.lunchtray/androidx.fragment.app.testing.FragmentScenario$EmptyFragmentActivity (has extras) }, activity.getIntent()=Intent { act=android.intent.action.MAIN cat=[android.intent.category.LAUNCHER] flg=0x10008000 cmp=com.example.lunchtray/androidx.test.core.app.InstrumentationActivityInvoker$BootstrapActivity (has extras) }, activity=androidx.test.core.app.InstrumentationActivityInvoker$BootstrapActivity@d928aa7
02-06 14:29:42.189   287   287 D goldfish-address-space: claimShared: Ask to claim region [0x3fbbc4000 0x3fbf48000]
02-06 14:29:42.222  3962  3962 D LifecycleMonitor: Lifecycle status change: androidx.test.core.app.InstrumentationActivityInvoker$BootstrapActivity@d928aa7 in: CREATED
02-06 14:29:42.223  3962  3962 V ActivityScenario: Activity lifecycle changed event received but ignored because the intent does not match. startActivityIntent=Intent { act=android.intent.action.MAIN cat=[android.intent.category.LAUNCHER] cmp=com.example.lunchtray/androidx.fragment.app.testing.FragmentScenario$EmptyFragmentActivity (has extras) }, activity.getIntent()=Intent { act=android.intent.action.MAIN cat=[android.intent.category.LAUNCHER] flg=0x10008000 cmp=com.example.lunchtray/androidx.test.core.app.InstrumentationActivityInvoker$BootstrapActivity (has extras) }, activity=androidx.test.core.app.InstrumentationActivityInvoker$BootstrapActivity@d928aa7
02-06 14:29:42.223  3962  3962 I chatty  : uid=10123(com.example.lunchtray) identical 7 lines
02-06 14:29:42.223  3962  3962 V ActivityScenario: Activity lifecycle changed event received but ignored because the intent does not match. startActivityIntent=Intent { act=android.intent.action.MAIN cat=[android.intent.category.LAUNCHER] cmp=com.example.lunchtray/androidx.fragment.app.testing.FragmentScenario$EmptyFragmentActivity (has extras) }, activity.getIntent()=Intent { act=android.intent.action.MAIN cat=[android.intent.category.LAUNCHER] flg=0x10008000 cmp=com.example.lunchtray/androidx.test.core.app.InstrumentationActivityInvoker$BootstrapActivity (has extras) }, activity=androidx.test.core.app.InstrumentationActivityInvoker$BootstrapActivity@d928aa7
02-06 14:29:42.226  3962  3962 D LifecycleMonitor: Lifecycle status change: androidx.test.core.app.InstrumentationActivityInvoker$BootstrapActivity@d928aa7 in: STARTED
02-06 14:29:42.226  3962  3962 V ActivityScenario: Activity lifecycle changed event received but ignored because the intent does not match. startActivityIntent=Intent { act=android.intent.action.MAIN cat=[android.intent.category.LAUNCHER] cmp=com.example.lunchtray/androidx.fragment.app.testing.FragmentScenario$EmptyFragmentActivity (has extras) }, activity.getIntent()=Intent { act=android.intent.action.MAIN cat=[android.intent.category.LAUNCHER] flg=0x10008000 cmp=com.example.lunchtray/androidx.test.core.app.InstrumentationActivityInvoker$BootstrapActivity (has extras) }, activity=androidx.test.core.app.InstrumentationActivityInvoker$BootstrapActivity@d928aa7
02-06 14:29:42.226  3962  3962 I chatty  : uid=10123(com.example.lunchtray) identical 7 lines
02-06 14:29:42.226  3962  3962 V ActivityScenario: Activity lifecycle changed event received but ignored because the intent does not match. startActivityIntent=Intent { act=android.intent.action.MAIN cat=[android.intent.category.LAUNCHER] cmp=com.example.lunchtray/androidx.fragment.app.testing.FragmentScenario$EmptyFragmentActivity (has extras) }, activity.getIntent()=Intent { act=android.intent.action.MAIN cat=[android.intent.category.LAUNCHER] flg=0x10008000 cmp=com.example.lunchtray/androidx.test.core.app.InstrumentationActivityInvoker$BootstrapActivity (has extras) }, activity=androidx.test.core.app.InstrumentationActivityInvoker$BootstrapActivity@d928aa7
02-06 14:29:42.233  3962  3962 D LifecycleMonitor: Lifecycle status change: androidx.test.core.app.InstrumentationActivityInvoker$BootstrapActivity@d928aa7 in: RESUMED
02-06 14:29:42.233  3962  3962 V ActivityScenario: Activity lifecycle changed event received but ignored because the intent does not match. startActivityIntent=Intent { act=android.intent.action.MAIN cat=[android.intent.category.LAUNCHER] cmp=com.example.lunchtray/androidx.fragment.app.testing.FragmentScenario$EmptyFragmentActivity (has extras) }, activity.getIntent()=Intent { act=android.intent.action.MAIN cat=[android.intent.category.LAUNCHER] flg=0x10008000 cmp=com.example.lunchtray/androidx.test.core.app.InstrumentationActivityInvoker$BootstrapActivity (has extras) }, activity=androidx.test.core.app.InstrumentationActivityInvoker$BootstrapActivity@d928aa7
02-06 14:29:42.238  3962  3962 I chatty  : uid=10123(com.example.lunchtray) identical 7 lines
02-06 14:29:42.238  3962  3962 V ActivityScenario: Activity lifecycle changed event received but ignored because the intent does not match. startActivityIntent=Intent { act=android.intent.action.MAIN cat=[android.intent.category.LAUNCHER] cmp=com.example.lunchtray/androidx.fragment.app.testing.FragmentScenario$EmptyFragmentActivity (has extras) }, activity.getIntent()=Intent { act=android.intent.action.MAIN cat=[android.intent.category.LAUNCHER] flg=0x10008000 cmp=com.example.lunchtray/androidx.test.core.app.InstrumentationActivityInvoker$BootstrapActivity (has extras) }, activity=androidx.test.core.app.InstrumentationActivityInvoker$BootstrapActivity@d928aa7
02-06 14:29:42.241  3962  3962 D LifecycleMonitor: Lifecycle status change: androidx.test.core.app.InstrumentationActivityInvoker$BootstrapActivity@d928aa7 in: PAUSED
02-06 14:29:42.241  3962  3962 V ActivityScenario: Activity lifecycle changed event received but ignored because the intent does not match. startActivityIntent=Intent { act=android.intent.action.MAIN cat=[android.intent.category.LAUNCHER] cmp=com.example.lunchtray/androidx.fragment.app.testing.FragmentScenario$EmptyFragmentActivity (has extras) }, activity.getIntent()=Intent { act=android.intent.action.MAIN cat=[android.intent.category.LAUNCHER] flg=0x10008000 cmp=com.example.lunchtray/androidx.test.core.app.InstrumentationActivityInvoker$BootstrapActivity (has extras) }, activity=androidx.test.core.app.InstrumentationActivityInvoker$BootstrapActivity@d928aa7
02-06 14:29:42.242  3962  3962 I chatty  : uid=10123(com.example.lunchtray) identical 7 lines
02-06 14:29:42.242  3962  3962 V ActivityScenario: Activity lifecycle changed event received but ignored because the intent does not match. startActivityIntent=Intent { act=android.intent.action.MAIN cat=[android.intent.category.LAUNCHER] cmp=com.example.lunchtray/androidx.fragment.app.testing.FragmentScenario$EmptyFragmentActivity (has extras) }, activity.getIntent()=Intent { act=android.intent.action.MAIN cat=[android.intent.category.LAUNCHER] flg=0x10008000 cmp=com.example.lunchtray/androidx.test.core.app.InstrumentationActivityInvoker$BootstrapActivity (has extras) }, activity=androidx.test.core.app.InstrumentationActivityInvoker$BootstrapActivity@d928aa7
02-06 14:29:42.243   503  2710 W InputReader: Device virtio_input_multi_touch_10 is associated with display ADISPLAY_ID_NONE.
02-06 14:29:42.243   503  2710 W InputReader: Device virtio_input_multi_touch_9 is associated with display ADISPLAY_ID_NONE.
02-06 14:29:42.243   503  2710 W InputReader: Device virtio_input_multi_touch_6 is associated with display ADISPLAY_ID_NONE.
02-06 14:29:42.243   503  2710 W InputReader: Device virtio_input_multi_touch_3 is associated with display ADISPLAY_ID_NONE.
02-06 14:29:42.243   503  2710 W InputReader: Device virtio_input_multi_touch_4 is associated with display ADISPLAY_ID_NONE.
02-06 14:29:42.243   503  2710 W InputReader: Device virtio_input_multi_touch_7 is associated with display ADISPLAY_ID_NONE.
02-06 14:29:42.243   503  2710 W InputReader: Device virtio_input_multi_touch_8 is associated with display ADISPLAY_ID_NONE.
02-06 14:29:42.243   503  2710 W InputReader: Device virtio_input_multi_touch_11 is associated with display ADISPLAY_ID_NONE.
02-06 14:29:42.243   503  2710 W InputReader: Device virtio_input_multi_touch_5 is associated with display ADISPLAY_ID_NONE.
02-06 14:29:42.243   503  2710 W InputReader: Device virtio_input_multi_touch_2 is associated with display ADISPLAY_ID_NONE.
02-06 14:29:42.243   503  2710 W InputReader: Device virtio_input_multi_touch_10 is associated with display ADISPLAY_ID_NONE.
02-06 14:29:42.243   503  2710 W InputReader: Device virtio_input_multi_touch_9 is associated with display ADISPLAY_ID_NONE.
02-06 14:29:42.243   503  2710 W InputReader: Device virtio_input_multi_touch_6 is associated with display ADISPLAY_ID_NONE.
02-06 14:29:42.243   503  2710 W InputReader: Device virtio_input_multi_touch_3 is associated with display ADISPLAY_ID_NONE.
02-06 14:29:42.243   503  2710 W InputReader: Device virtio_input_multi_touch_4 is associated with display ADISPLAY_ID_NONE.
02-06 14:29:42.243   503  2710 W InputReader: Device virtio_input_multi_touch_7 is associated with display ADISPLAY_ID_NONE.
02-06 14:29:42.243   503  2710 W InputReader: Device virtio_input_multi_touch_8 is associated with display ADISPLAY_ID_NONE.
02-06 14:29:42.243   503  2710 W InputReader: Device virtio_input_multi_touch_11 is associated with display ADISPLAY_ID_NONE.
02-06 14:29:42.243   503  2710 W InputReader: Device virtio_input_multi_touch_5 is associated with display ADISPLAY_ID_NONE.
02-06 14:29:42.243   503  2710 W InputReader: Device virtio_input_multi_touch_2 is associated with display ADISPLAY_ID_NONE.
02-06 14:29:42.274  3962  3962 D LifecycleMonitor: Lifecycle status change: androidx.fragment.app.testing.FragmentScenario$EmptyFragmentActivity@60180ec in: PRE_ON_CREATE
02-06 14:29:42.275  3962  3962 V ActivityScenario: Activity lifecycle changed event received but ignored because the reported transition was not ON_CREATE while the last known transition was DESTROYED
02-06 14:29:42.278  3962  3962 I chatty  : uid=10123(com.example.lunchtray) identical 6 lines
02-06 14:29:42.278  3962  3962 V ActivityScenario: Activity lifecycle changed event received but ignored because the reported transition was not ON_CREATE while the last known transition was DESTROYED
02-06 14:29:42.278  3962  3962 V ActivityScenario: Activity lifecycle changed event received but ignored because the reported transition was not ON_CREATE while the last known transition was PRE_ON_CREATE
02-06 14:29:42.301  3962  3962 D LifecycleMonitor: Lifecycle status change: androidx.fragment.app.testing.FragmentScenario$EmptyFragmentActivity@60180ec in: CREATED
02-06 14:29:42.301  3962  3962 V ActivityScenario: Update currentActivityStage to CREATED, currentActivity=androidx.fragment.app.testing.FragmentScenario$EmptyFragmentActivity@60180ec
02-06 14:29:42.302  3962  3962 I chatty  : uid=10123(com.example.lunchtray) identical 7 lines
02-06 14:29:42.302  3962  3962 V ActivityScenario: Update currentActivityStage to CREATED, currentActivity=androidx.fragment.app.testing.FragmentScenario$EmptyFragmentActivity@60180ec
02-06 14:29:42.311   287   287 D goldfish-address-space: claimShared: Ask to claim region [0x3f8384000 0x3f8708000]
02-06 14:29:42.314  3962  3962 D LifecycleMonitor: Lifecycle status change: androidx.fragment.app.testing.FragmentScenario$EmptyFragmentActivity@60180ec in: STARTED
02-06 14:29:42.314  3962  3962 V ActivityScenario: Update currentActivityStage to STARTED, currentActivity=androidx.fragment.app.testing.FragmentScenario$EmptyFragmentActivity@60180ec
02-06 14:29:42.315  3962  3962 I chatty  : uid=10123(com.example.lunchtray) identical 7 lines
02-06 14:29:42.315  3962  3962 V ActivityScenario: Update currentActivityStage to STARTED, currentActivity=androidx.fragment.app.testing.FragmentScenario$EmptyFragmentActivity@60180ec
02-06 14:29:42.332  3962  3962 D LifecycleMonitor: Lifecycle status change: androidx.fragment.app.testing.FragmentScenario$EmptyFragmentActivity@60180ec in: RESUMED
02-06 14:29:42.333  3962  3962 V ActivityScenario: Update currentActivityStage to RESUMED, currentActivity=androidx.fragment.app.testing.FragmentScenario$EmptyFragmentActivity@60180ec
02-06 14:29:42.333  3962  3962 I chatty  : uid=10123(com.example.lunchtray) identical 7 lines
02-06 14:29:42.333  3962  3962 V ActivityScenario: Update currentActivityStage to RESUMED, currentActivity=androidx.fragment.app.testing.FragmentScenario$EmptyFragmentActivity@60180ec
02-06 14:29:42.348  3962  3962 D LifecycleMonitor: Lifecycle status change: androidx.test.core.app.InstrumentationActivityInvoker$BootstrapActivity@d928aa7 in: STOPPED
02-06 14:29:42.348  3962  3962 V ActivityScenario: Activity lifecycle changed event received but ignored because the intent does not match. startActivityIntent=Intent { act=android.intent.action.MAIN cat=[android.intent.category.LAUNCHER] cmp=com.example.lunchtray/androidx.fragment.app.testing.FragmentScenario$EmptyFragmentActivity (has extras) }, activity.getIntent()=Intent { act=android.intent.action.MAIN cat=[android.intent.category.LAUNCHER] flg=0x10008000 cmp=com.example.lunchtray/androidx.test.core.app.InstrumentationActivityInvoker$BootstrapActivity (has extras) }, activity=androidx.test.core.app.InstrumentationActivityInvoker$BootstrapActivity@d928aa7
02-06 14:29:42.360  3962  3962 I chatty  : uid=10123(com.example.lunchtray) identical 7 lines
02-06 14:29:42.360  3962  3962 V ActivityScenario: Activity lifecycle changed event received but ignored because the intent does not match. startActivityIntent=Intent { act=android.intent.action.MAIN cat=[android.intent.category.LAUNCHER] cmp=com.example.lunchtray/androidx.fragment.app.testing.FragmentScenario$EmptyFragmentActivity (has extras) }, activity.getIntent()=Intent { act=android.intent.action.MAIN cat=[android.intent.category.LAUNCHER] flg=0x10008000 cmp=com.example.lunchtray/androidx.test.core.app.InstrumentationActivityInvoker$BootstrapActivity (has extras) }, activity=androidx.test.core.app.InstrumentationActivityInvoker$BootstrapActivity@d928aa7
02-06 14:29:42.397   287   287 D goldfish-address-space: claimShared: Ask to claim region [0x3f8708000 0x3f8a8c000]
02-06 14:29:42.420   287   287 D goldfish-address-space: claimShared: Ask to claim region [0x3f8a8c000 0x3f8e10000]
02-06 14:29:42.431   287   287 D goldfish-address-space: claimShared: Ask to claim region [0x3f8e10000 0x3f9194000]
02-06 14:29:42.447   503   531 D ArtManagerInternalImpl: /data/misc/iorapd/com.example.lunchtray/1/androidx.fragment.app.testing.FragmentScenario$EmptyFragmentActivity/compiled_traces/compiled_trace.pb doesn't exist
02-06 14:29:42.449   503   525 D EventSequenceValidator: Transition from ACTIVITY_LAUNCHED to ACTIVITY_FINISHED
02-06 14:29:42.479   503   531 I ActivityTaskManager: Displayed com.example.lunchtray/androidx.fragment.app.testing.FragmentScenario$EmptyFragmentActivity: +382ms
02-06 14:29:42.911  3962  3962 I ViewInteraction: Performing 'single click' action on view view.getId() is <2131231081/com.example.lunchtray:id/next_button>
02-06 14:29:43.322  3962  3982 E TestRunner: failed: navigate_to_side_menu_from_entree_menu(com.example.lunchtray.NavigationTests)
02-06 14:29:43.322  3962  3982 E TestRunner: ----- begin exception -----
02-06 14:29:43.322  3962  3982 E TestRunner: java.lang.AssertionError: expected:<2131230935> but was:<2131231170>
02-06 14:29:43.322  3962  3982 E TestRunner: 	at org.junit.Assert.fail(Assert.java:88)
02-06 14:29:43.322  3962  3982 E TestRunner: 	at org.junit.Assert.failNotEquals(Assert.java:834)
02-06 14:29:43.322  3962  3982 E TestRunner: 	at org.junit.Assert.assertEquals(Assert.java:118)
02-06 14:29:43.322  3962  3982 E TestRunner: 	at org.junit.Assert.assertEquals(Assert.java:144)
02-06 14:29:43.322  3962  3982 E TestRunner: 	at com.example.lunchtray.NavigationTests.navigate_to_side_menu_from_entree_menu(NavigationTests.kt:108)
02-06 14:29:43.322  3962  3982 E TestRunner: 	at java.lang.reflect.Method.invoke(Native Method)
02-06 14:29:43.322  3962  3982 E TestRunner: 	at org.junit.runners.model.FrameworkMethod$1.runReflectiveCall(FrameworkMethod.java:50)
02-06 14:29:43.322  3962  3982 E TestRunner: 	at org.junit.internal.runners.model.ReflectiveCallable.run(ReflectiveCallable.java:12)
02-06 14:29:43.322  3962  3982 E TestRunner: 	at org.junit.runners.model.FrameworkMethod.invokeExplosively(FrameworkMethod.java:47)
02-06 14:29:43.322  3962  3982 E TestRunner: 	at org.junit.internal.runners.statements.InvokeMethod.evaluate(InvokeMethod.java:17)
02-06 14:29:43.322  3962  3982 E TestRunner: 	at org.junit.runners.ParentRunner.runLeaf(ParentRunner.java:325)
02-06 14:29:43.322  3962  3982 E TestRunner: 	at org.junit.runners.BlockJUnit4ClassRunner.runChild(BlockJUnit4ClassRunner.java:78)
02-06 14:29:43.322  3962  3982 E TestRunner: 	at org.junit.runners.BlockJUnit4ClassRunner.runChild(BlockJUnit4ClassRunner.java:57)
02-06 14:29:43.322  3962  3982 E TestRunner: 	at org.junit.runners.ParentRunner$3.run(ParentRunner.java:290)
02-06 14:29:43.322  3962  3982 E TestRunner: 	at org.junit.runners.ParentRunner$1.schedule(ParentRunner.java:71)
02-06 14:29:43.322  3962  3982 E TestRunner: 	at org.junit.runners.ParentRunner.runChildren(ParentRunner.java:288)
02-06 14:29:43.322  3962  3982 E TestRunner: 	at org.junit.runners.ParentRunner.access$000(ParentRunner.java:58)
02-06 14:29:43.322  3962  3982 E TestRunner: 	at org.junit.runners.ParentRunner$2.evaluate(ParentRunner.java:268)
02-06 14:29:43.322  3962  3982 E TestRunner: 	at org.junit.runners.ParentRunner.run(ParentRunner.java:363)
02-06 14:29:43.322  3962  3982 E TestRunner: 	at androidx.test.ext.junit.runners.AndroidJUnit4.run(AndroidJUnit4.java:162)
02-06 14:29:43.322  3962  3982 E TestRunner: 	at org.junit.runners.Suite.runChild(Suite.java:128)
02-06 14:29:43.322  3962  3982 E TestRunner: 	at org.junit.runners.Suite.runChild(Suite.java:27)
02-06 14:29:43.322  3962  3982 E TestRunner: 	at org.junit.runners.ParentRunner$3.run(ParentRunner.java:290)
02-06 14:29:43.322  3962  3982 E TestRunner: 	at org.junit.runners.ParentRunner$1.schedule(ParentRunner.java:71)
02-06 14:29:43.322  3962  3982 E TestRunner: 	at org.junit.runners.ParentRunner.runChildren(ParentRunner.java:288)
02-06 14:29:43.322  3962  3982 E TestRunner: 	at org.junit.runners.ParentRunner.access$000(ParentRunner.java:58)
02-06 14:29:43.322  3962  3982 E TestRunner: 	at org.junit.runners.ParentRunner$2.evaluate(ParentRunner.java:268)
02-06 14:29:43.322  3962  3982 E TestRunner: 	at org.junit.runners.ParentRunner.run(ParentRunner.java:363)
02-06 14:29:43.322  3962  3982 E TestRunner: 	at org.junit.runner.JUnitCore.run(JUnitCore.java:137)
02-06 14:29:43.322  3962  3982 E TestRunner: 	at org.junit.runner.JUnitCore.run(JUnitCore.java:115)
02-06 14:29:43.322  3962  3982 E TestRunner: 	at androidx.test.internal.runner.TestExecutor.execute(TestExecutor.java:56)
02-06 14:29:43.322  3962  3982 E TestRunner: 	at androidx.test.runner.AndroidJUnitRunner.onStart(AndroidJUnitRunner.java:444)
02-06 14:29:43.322  3962  3982 E TestRunner: 	at android.app.Instrumentation$InstrumentationThread.run(Instrumentation.java:2205)
02-06 14:29:43.322  3962  3982 E TestRunner: ----- end exception -----
02-06 14:29:43.323  3962  3982 I TestRunner: finished: navigate_to_side_menu_from_entree_menu(com.example.lunchtray.NavigationTests)
