02-06 14:29:39.230  3962  3982 I TestRunner: started: navigate_to_start_order_from_side_menu(com.example.lunchtray.NavigationTests)
02-06 14:29:39.262  3962  3962 D LifecycleMonitor: Lifecycle status change: androidx.fragment.app.testing.FragmentScenario$EmptyFragmentActivity@fc9edab in: DESTROYED
02-06 14:29:39.262  3962  3962 V ActivityScenario: Update currentActivityStage to DESTROYED, currentActivity=null
02-06 14:29:39.264  3962  3962 I chatty  : uid=10123(com.example.lunchtray) identical 5 lines
02-06 14:29:39.264  3962  3962 V ActivityScenario: Update currentActivityStage to DESTROYED, currentActivity=null
02-06 14:29:39.361  3962  3982 W Settings: Setting always_finish_activities has moved from android.provider.Settings.System to android.provider.Settings.Global, returning read-only value.
02-06 14:29:39.402   503   525 D EventSequenceValidator: Transition from ACTIVITY_FINISHED to INTENT_STARTED
02-06 14:29:39.414   395   395 I perfetto: ing_service_impl.cc:758 Configured tracing session 26, #sources:1, duration:5000 ms, #buffers:1, total buffer size:4096 KB, total sessions:3, uid:1071 session name: ""
02-06 14:29:39.415   393   393 I perfetto: probes_producer.cc:230  Ftrace setup (target_buf=26)
02-06 14:29:39.452   503  2710 W InputReader: Device virtio_input_multi_touch_10 is associated with display ADISPLAY_ID_NONE.
02-06 14:29:39.452   503  2710 W InputReader: Device virtio_input_multi_touch_9 is associated with display ADISPLAY_ID_NONE.
02-06 14:29:39.452   503  2710 W InputReader: Device virtio_input_multi_touch_6 is associated with display ADISPLAY_ID_NONE.
02-06 14:29:39.452   503  2710 W InputReader: Device virtio_input_multi_touch_3 is associated with display ADISPLAY_ID_NONE.
02-06 14:29:39.452   503  2710 W InputReader: Device virtio_input_multi_touch_4 is associated with display ADISPLAY_ID_NONE.
02-06 14:29:39.452   503  2710 W InputReader: Device virtio_input_multi_touch_7 is associated with display ADISPLAY_ID_NONE.
02-06 14:29:39.452   503  2710 W InputReader: Device virtio_input_multi_touch_8 is associated with display ADISPLAY_ID_NONE.
02-06 14:29:39.452   503  2710 W InputReader: Device virtio_input_multi_touch_11 is associated with display ADISPLAY_ID_NONE.
02-06 14:29:39.452   503  2710 W InputReader: Device virtio_input_multi_touch_5 is associated with display ADISPLAY_ID_NONE.
02-06 14:29:39.452   503  2710 W InputReader: Device virtio_input_multi_touch_2 is associated with display ADISPLAY_ID_NONE.
02-06 14:29:39.455   503  2710 W InputReader: Device virtio_input_multi_touch_10 is associated with display ADISPLAY_ID_NONE.
02-06 14:29:39.455   503  2710 W InputReader: Device virtio_input_multi_touch_9 is associated with display ADISPLAY_ID_NONE.
02-06 14:29:39.455   503  2710 W InputReader: Device virtio_input_multi_touch_6 is associated with display ADISPLAY_ID_NONE.
02-06 14:29:39.455   503  2710 W InputReader: Device virtio_input_multi_touch_3 is associated with display ADISPLAY_ID_NONE.
02-06 14:29:39.455   503  2710 W InputReader: Device virtio_input_multi_touch_4 is associated with display ADISPLAY_ID_NONE.
02-06 14:29:39.455   503  2710 W InputReader: Device virtio_input_multi_touch_7 is associated with display ADISPLAY_ID_NONE.
02-06 14:29:39.455   503  2710 W InputReader: Device virtio_input_multi_touch_8 is associated with display ADISPLAY_ID_NONE.
02-06 14:29:39.461   503  2710 W InputReader: Device virtio_input_multi_touch_11 is associated with display ADISPLAY_ID_NONE.
02-06 14:29:39.461   503  2710 W InputReader: Device virtio_input_multi_touch_5 is associated with display ADISPLAY_ID_NONE.
02-06 14:29:39.461   503  2710 W InputReader: Device virtio_input_multi_touch_2 is associated with display ADISPLAY_ID_NONE.
02-06 14:29:39.478  3962  3962 D LifecycleMonitor: Lifecycle status change: androidx.test.core.app.InstrumentationActivityInvoker$BootstrapActivity@82e1f3b in: PRE_ON_CREATE
02-06 14:29:39.480  3962  3962 V ActivityScenario: Activity lifecycle changed event received but ignored because the intent does not match. startActivityIntent=Intent { act=android.intent.action.MAIN cat=[android.intent.category.LAUNCHER] cmp=com.example.lunchtray/androidx.fragment.app.testing.FragmentScenario$EmptyFragmentActivity (has extras) }, activity.getIntent()=Intent { act=android.intent.action.MAIN cat=[android.intent.category.LAUNCHER] flg=0x10008000 cmp=com.example.lunchtray/androidx.test.core.app.InstrumentationActivityInvoker$BootstrapActivity (has extras) }, activity=androidx.test.core.app.InstrumentationActivityInvoker$BootstrapActivity@82e1f3b
02-06 14:29:39.481  3962  3962 I chatty  : uid=10123(com.example.lunchtray) identical 6 lines
02-06 14:29:39.481  3962  3962 V ActivityScenario: Activity lifecycle changed event received but ignored because the intent does not match. startActivityIntent=Intent { act=android.intent.action.MAIN cat=[android.intent.category.LAUNCHER] cmp=com.example.lunchtray/androidx.fragment.app.testing.FragmentScenario$EmptyFragmentActivity (has extras) }, activity.getIntent()=Intent { act=android.intent.action.MAIN cat=[android.intent.category.LAUNCHER] flg=0x10008000 cmp=com.example.lunchtray/androidx.test.core.app.InstrumentationActivityInvoker$BootstrapActivity (has extras) }, activity=androidx.test.core.app.InstrumentationActivityInvoker$BootstrapActivity@82e1f3b
02-06 14:29:39.485   503   525 D EventSequenceValidator: Transition from INTENT_STARTED to ACTIVITY_LAUNCHED
02-06 14:29:39.582  3962  3962 D LifecycleMonitor: Lifecycle status change: androidx.test.core.app.InstrumentationActivityInvoker$BootstrapActivity@82e1f3b in: CREATED
02-06 14:29:39.583  3962  3962 V ActivityScenario: Activity lifecycle changed event received but ignored because the intent does not match. startActivityIntent=Intent { act=android.intent.action.MAIN cat=[android.intent.category.LAUNCHER] cmp=com.example.lunchtray/androidx.fragment.app.testing.FragmentScenario$EmptyFragmentActivity (has extras) }, activity.getIntent()=Intent { act=android.intent.action.MAIN cat=[android.intent.category.LAUNCHER] flg=0x10008000 cmp=com.example.lunchtray/androidx.test.core.app.InstrumentationActivityInvoker$BootstrapActivity (has extras) }, activity=androidx.test.core.app.InstrumentationActivityInvoker$BootstrapActivity@82e1f3b
02-06 14:29:39.583  3962  3962 I chatty  : uid=10123(com.example.lunchtray) identical 6 lines
02-06 14:29:39.583  3962  3962 V ActivityScenario: Activity lifecycle changed event received but ignored because the intent does not match. startActivityIntent=Intent { act=android.intent.action.MAIN cat=[android.intent.category.LAUNCHER] cmp=com.example.lunchtray/androidx.fragment.app.testing.FragmentScenario$EmptyFragmentActivity (has extras) }, activity.getIntent()=Intent { act=android.intent.action.MAIN cat=[android.intent.category.LAUNCHER] flg=0x10008000 cmp=com.example.lunchtray/androidx.test.core.app.InstrumentationActivityInvoker$BootstrapActivity (has extras) }, activity=androidx.test.core.app.InstrumentationActivityInvoker$BootstrapActivity@82e1f3b
02-06 14:29:39.593  3962  3962 D LifecycleMonitor: Lifecycle status change: androidx.test.core.app.InstrumentationActivityInvoker$BootstrapActivity@82e1f3b in: STARTED
02-06 14:29:39.593  3962  3962 V ActivityScenario: Activity lifecycle changed event received but ignored because the intent does not match. startActivityIntent=Intent { act=android.intent.action.MAIN cat=[android.intent.category.LAUNCHER] cmp=com.example.lunchtray/androidx.fragment.app.testing.FragmentScenario$EmptyFragmentActivity (has extras) }, activity.getIntent()=Intent { act=android.intent.action.MAIN cat=[android.intent.category.LAUNCHER] flg=0x10008000 cmp=com.example.lunchtray/androidx.test.core.app.InstrumentationActivityInvoker$BootstrapActivity (has extras) }, activity=androidx.test.core.app.InstrumentationActivityInvoker$BootstrapActivity@82e1f3b
02-06 14:29:39.596  3962  3962 I chatty  : uid=10123(com.example.lunchtray) identical 6 lines
02-06 14:29:39.596  3962  3962 V ActivityScenario: Activity lifecycle changed event received but ignored because the intent does not match. startActivityIntent=Intent { act=android.intent.action.MAIN cat=[android.intent.category.LAUNCHER] cmp=com.example.lunchtray/androidx.fragment.app.testing.FragmentScenario$EmptyFragmentActivity (has extras) }, activity.getIntent()=Intent { act=android.intent.action.MAIN cat=[android.intent.category.LAUNCHER] flg=0x10008000 cmp=com.example.lunchtray/androidx.test.core.app.InstrumentationActivityInvoker$BootstrapActivity (has extras) }, activity=androidx.test.core.app.InstrumentationActivityInvoker$BootstrapActivity@82e1f3b
02-06 14:29:39.620  3962  3962 D LifecycleMonitor: Lifecycle status change: androidx.test.core.app.InstrumentationActivityInvoker$BootstrapActivity@82e1f3b in: RESUMED
02-06 14:29:39.620  3962  3962 V ActivityScenario: Activity lifecycle changed event received but ignored because the intent does not match. startActivityIntent=Intent { act=android.intent.action.MAIN cat=[android.intent.category.LAUNCHER] cmp=com.example.lunchtray/androidx.fragment.app.testing.FragmentScenario$EmptyFragmentActivity (has extras) }, activity.getIntent()=Intent { act=android.intent.action.MAIN cat=[android.intent.category.LAUNCHER] flg=0x10008000 cmp=com.example.lunchtray/androidx.test.core.app.InstrumentationActivityInvoker$BootstrapActivity (has extras) }, activity=androidx.test.core.app.InstrumentationActivityInvoker$BootstrapActivity@82e1f3b
02-06 14:29:39.621  3962  3962 I chatty  : uid=10123(com.example.lunchtray) identical 6 lines
02-06 14:29:39.621  3962  3962 V ActivityScenario: Activity lifecycle changed event received but ignored because the intent does not match. startActivityIntent=Intent { act=android.intent.action.MAIN cat=[android.intent.category.LAUNCHER] cmp=com.example.lunchtray/androidx.fragment.app.testing.FragmentScenario$EmptyFragmentActivity (has extras) }, activity.getIntent()=Intent { act=android.intent.action.MAIN cat=[android.intent.category.LAUNCHER] flg=0x10008000 cmp=com.example.lunchtray/androidx.test.core.app.InstrumentationActivityInvoker$BootstrapActivity (has extras) }, activity=androidx.test.core.app.InstrumentationActivityInvoker$BootstrapActivity@82e1f3b
02-06 14:29:39.636   287   287 D goldfish-address-space: claimShared: Ask to claim region [0x3fb840000 0x3fbbc4000]
02-06 14:29:39.659  3962  3962 D LifecycleMonitor: Lifecycle status change: androidx.test.core.app.InstrumentationActivityInvoker$BootstrapActivity@82e1f3b in: PAUSED
02-06 14:29:39.660  3962  3962 V ActivityScenario: Activity lifecycle changed event received but ignored because the intent does not match. startActivityIntent=Intent { act=android.intent.action.MAIN cat=[android.intent.category.LAUNCHER] cmp=com.example.lunchtray/androidx.fragment.app.testing.FragmentScenario$EmptyFragmentActivity (has extras) }, activity.getIntent()=Intent { act=android.intent.action.MAIN cat=[android.intent.category.LAUNCHER] flg=0x10008000 cmp=com.example.lunchtray/androidx.test.core.app.InstrumentationActivityInvoker$BootstrapActivity (has extras) }, activity=androidx.test.core.app.InstrumentationActivityInvoker$BootstrapActivity@82e1f3b
02-06 14:29:39.664  3962  3962 I chatty  : uid=10123(com.example.lunchtray) identical 6 lines
02-06 14:29:39.664  3962  3962 V ActivityScenario: Activity lifecycle changed event received but ignored because the intent does not match. startActivityIntent=Intent { act=android.intent.action.MAIN cat=[android.intent.category.LAUNCHER] cmp=com.example.lunchtray/androidx.fragment.app.testing.FragmentScenario$EmptyFragmentActivity (has extras) }, activity.getIntent()=Intent { act=android.intent.action.MAIN cat=[android.intent.category.LAUNCHER] flg=0x10008000 cmp=com.example.lunchtray/androidx.test.core.app.InstrumentationActivityInvoker$BootstrapActivity (has extras) }, activity=androidx.test.core.app.InstrumentationActivityInvoker$BootstrapActivity@82e1f3b
02-06 14:29:39.667   503  2710 W InputReader: Device virtio_input_multi_touch_10 is associated with display ADISPLAY_ID_NONE.
02-06 14:29:39.667   503  2710 W InputReader: Device virtio_input_multi_touch_9 is associated with display ADISPLAY_ID_NONE.
02-06 14:29:39.667   503  2710 W InputReader: Device virtio_input_multi_touch_6 is associated with display ADISPLAY_ID_NONE.
02-06 14:29:39.667   503  2710 W InputReader: Device virtio_input_multi_touch_3 is associated with display ADISPLAY_ID_NONE.
02-06 14:29:39.667   503  2710 W InputReader: Device virtio_input_multi_touch_4 is associated with display ADISPLAY_ID_NONE.
02-06 14:29:39.667   503  2710 W InputReader: Device virtio_input_multi_touch_7 is associated with display ADISPLAY_ID_NONE.
02-06 14:29:39.667   503  2710 W InputReader: Device virtio_input_multi_touch_8 is associated with display ADISPLAY_ID_NONE.
02-06 14:29:39.667   503  2710 W InputReader: Device virtio_input_multi_touch_11 is associated with display ADISPLAY_ID_NONE.
02-06 14:29:39.667   503  2710 W InputReader: Device virtio_input_multi_touch_5 is associated with display ADISPLAY_ID_NONE.
02-06 14:29:39.667   503  2710 W InputReader: Device virtio_input_multi_touch_2 is associated with display ADISPLAY_ID_NONE.
02-06 14:29:39.667   503  2710 W InputReader: Device virtio_input_multi_touch_10 is associated with display ADISPLAY_ID_NONE.
02-06 14:29:39.667   503  2710 W InputReader: Device virtio_input_multi_touch_9 is associated with display ADISPLAY_ID_NONE.
02-06 14:29:39.667   503  2710 W InputReader: Device virtio_input_multi_touch_6 is associated with display ADISPLAY_ID_NONE.
02-06 14:29:39.667   503  2710 W InputReader: Device virtio_input_multi_touch_3 is associated with display ADISPLAY_ID_NONE.
02-06 14:29:39.667   503  2710 W InputReader: Device virtio_input_multi_touch_4 is associated with display ADISPLAY_ID_NONE.
02-06 14:29:39.667   503  2710 W InputReader: Device virtio_input_multi_touch_7 is associated with display ADISPLAY_ID_NONE.
02-06 14:29:39.667   503  2710 W InputReader: Device virtio_input_multi_touch_8 is associated with display ADISPLAY_ID_NONE.
02-06 14:29:39.667   503  2710 W InputReader: Device virtio_input_multi_touch_11 is associated with display ADISPLAY_ID_NONE.
02-06 14:29:39.667   503  2710 W InputReader: Device virtio_input_multi_touch_5 is associated with display ADISPLAY_ID_NONE.
02-06 14:29:39.667   503  2710 W InputReader: Device virtio_input_multi_touch_2 is associated with display ADISPLAY_ID_NONE.
02-06 14:29:39.740  3962  3962 D LifecycleMonitor: Lifecycle status change: androidx.fragment.app.testing.FragmentScenario$EmptyFragmentActivity@224b870 in: PRE_ON_CREATE
02-06 14:29:39.741  3962  3962 V ActivityScenario: Activity lifecycle changed event received but ignored because the reported transition was not ON_CREATE while the last known transition was DESTROYED
02-06 14:29:39.741  3962  3962 I chatty  : uid=10123(com.example.lunchtray) identical 5 lines
02-06 14:29:39.741  3962  3962 V ActivityScenario: Activity lifecycle changed event received but ignored because the reported transition was not ON_CREATE while the last known transition was DESTROYED
02-06 14:29:39.741  3962  3962 V ActivityScenario: Activity lifecycle changed event received but ignored because the reported transition was not ON_CREATE while the last known transition was PRE_ON_CREATE
02-06 14:29:39.750   287   287 D goldfish-address-space: claimShared: Ask to claim region [0x3f9194000 0x3f9518000]
02-06 14:29:39.818  3962  3962 D LifecycleMonitor: Lifecycle status change: androidx.fragment.app.testing.FragmentScenario$EmptyFragmentActivity@224b870 in: CREATED
02-06 14:29:39.818  3962  3962 V ActivityScenario: Update currentActivityStage to CREATED, currentActivity=androidx.fragment.app.testing.FragmentScenario$EmptyFragmentActivity@224b870
02-06 14:29:39.825  3962  3962 I chatty  : uid=10123(com.example.lunchtray) identical 6 lines
02-06 14:29:39.825  3962  3962 V ActivityScenario: Update currentActivityStage to CREATED, currentActivity=androidx.fragment.app.testing.FragmentScenario$EmptyFragmentActivity@224b870
02-06 14:29:39.829  3962  3962 D LifecycleMonitor: Lifecycle status change: androidx.fragment.app.testing.FragmentScenario$EmptyFragmentActivity@224b870 in: STARTED
02-06 14:29:39.829  3962  3962 V ActivityScenario: Update currentActivityStage to STARTED, currentActivity=androidx.fragment.app.testing.FragmentScenario$EmptyFragmentActivity@224b870
02-06 14:29:39.830  3962  3962 I chatty  : uid=10123(com.example.lunchtray) identical 6 lines
02-06 14:29:39.830  3962  3962 V ActivityScenario: Update currentActivityStage to STARTED, currentActivity=androidx.fragment.app.testing.FragmentScenario$EmptyFragmentActivity@224b870
02-06 14:29:39.831  3962  3962 D LifecycleMonitor: Lifecycle status change: androidx.fragment.app.testing.FragmentScenario$EmptyFragmentActivity@224b870 in: RESUMED
02-06 14:29:39.831  3962  3962 V ActivityScenario: Update currentActivityStage to RESUMED, currentActivity=androidx.fragment.app.testing.FragmentScenario$EmptyFragmentActivity@224b870
02-06 14:29:39.832  3962  3962 I chatty  : uid=10123(com.example.lunchtray) identical 6 lines
02-06 14:29:39.832  3962  3962 V ActivityScenario: Update currentActivityStage to RESUMED, currentActivity=androidx.fragment.app.testing.FragmentScenario$EmptyFragmentActivity@224b870
02-06 14:29:39.964   393   393 I perfetto: probes_producer.cc:329  Producer stop (id=24)
02-06 14:29:39.977   395   395 I perfetto: ng_service_impl.cc:1948 Tracing session 24 ended, total sessions:2
02-06 14:29:40.060   287   287 D goldfish-address-space: claimShared: Ask to claim region [0x3fbbc4000 0x3fbf48000]
02-06 14:29:40.072   287   287 D goldfish-address-space: claimShared: Ask to claim region [0x3f9518000 0x3f989c000]
02-06 14:29:40.078   287   344 D goldfish-address-space: claimShared: Ask to claim region [0x3f989c000 0x3f9c20000]
02-06 14:29:40.279   503   531 D ArtManagerInternalImpl: /data/misc/iorapd/com.example.lunchtray/1/androidx.fragment.app.testing.FragmentScenario$EmptyFragmentActivity/compiled_traces/compiled_trace.pb doesn't exist
02-06 14:29:40.282   503   525 D EventSequenceValidator: Transition from ACTIVITY_LAUNCHED to ACTIVITY_FINISHED
02-06 14:29:40.347   503   531 I ActivityTaskManager: Displayed com.example.lunchtray/androidx.fragment.app.testing.FragmentScenario$EmptyFragmentActivity: +854ms
02-06 14:29:40.403  3962  3962 D LifecycleMonitor: Lifecycle status change: androidx.test.core.app.InstrumentationActivityInvoker$BootstrapActivity@82e1f3b in: STOPPED
02-06 14:29:40.403  3962  3962 V ActivityScenario: Activity lifecycle changed event received but ignored because the intent does not match. startActivityIntent=Intent { act=android.intent.action.MAIN cat=[android.intent.category.LAUNCHER] cmp=com.example.lunchtray/androidx.fragment.app.testing.FragmentScenario$EmptyFragmentActivity (has extras) }, activity.getIntent()=Intent { act=android.intent.action.MAIN cat=[android.intent.category.LAUNCHER] flg=0x10008000 cmp=com.example.lunchtray/androidx.test.core.app.InstrumentationActivityInvoker$BootstrapActivity (has extras) }, activity=androidx.test.core.app.InstrumentationActivityInvoker$BootstrapActivity@82e1f3b
02-06 14:29:40.403  3962  3962 I chatty  : uid=10123(com.example.lunchtray) identical 6 lines
02-06 14:29:40.403  3962  3962 V ActivityScenario: Activity lifecycle changed event received but ignored because the intent does not match. startActivityIntent=Intent { act=android.intent.action.MAIN cat=[android.intent.category.LAUNCHER] cmp=com.example.lunchtray/androidx.fragment.app.testing.FragmentScenario$EmptyFragmentActivity (has extras) }, activity.getIntent()=Intent { act=android.intent.action.MAIN cat=[android.intent.category.LAUNCHER] flg=0x10008000 cmp=com.example.lunchtray/androidx.test.core.app.InstrumentationActivityInvoker$BootstrapActivity (has extras) }, activity=androidx.test.core.app.InstrumentationActivityInvoker$BootstrapActivity@82e1f3b
02-06 14:29:40.686  3962  3962 I ViewInteraction: Performing 'single click' action on view view.getId() is <2131230842/com.example.lunchtray:id/cancel_button>
02-06 14:29:40.952  3962  3982 E TestRunner: failed: navigate_to_start_order_from_side_menu(com.example.lunchtray.NavigationTests)
02-06 14:29:40.952  3962  3982 E TestRunner: ----- begin exception -----
02-06 14:29:40.953  3962  3982 E TestRunner: java.lang.AssertionError: expected:<2131231170> but was:<2131231205>
02-06 14:29:40.953  3962  3982 E TestRunner: 	at org.junit.Assert.fail(Assert.java:88)
02-06 14:29:40.953  3962  3982 E TestRunner: 	at org.junit.Assert.failNotEquals(Assert.java:834)
02-06 14:29:40.953  3962  3982 E TestRunner: 	at org.junit.Assert.assertEquals(Assert.java:118)
02-06 14:29:40.953  3962  3982 E TestRunner: 	at org.junit.Assert.assertEquals(Assert.java:144)
02-06 14:29:40.953  3962  3982 E TestRunner: 	at com.example.lunchtray.NavigationTests.navigate_to_start_order_from_side_menu(NavigationTests.kt:126)
02-06 14:29:40.953  3962  3982 E TestRunner: 	at java.lang.reflect.Method.invoke(Native Method)
02-06 14:29:40.953  3962  3982 E TestRunner: 	at org.junit.runners.model.FrameworkMethod$1.runReflectiveCall(FrameworkMethod.java:50)
02-06 14:29:40.953  3962  3982 E TestRunner: 	at org.junit.internal.runners.model.ReflectiveCallable.run(ReflectiveCallable.java:12)
02-06 14:29:40.953  3962  3982 E TestRunner: 	at org.junit.runners.model.FrameworkMethod.invokeExplosively(FrameworkMethod.java:47)
02-06 14:29:40.953  3962  3982 E TestRunner: 	at org.junit.internal.runners.statements.InvokeMethod.evaluate(InvokeMethod.java:17)
02-06 14:29:40.953  3962  3982 E TestRunner: 	at org.junit.runners.ParentRunner.runLeaf(ParentRunner.java:325)
02-06 14:29:40.953  3962  3982 E TestRunner: 	at org.junit.runners.BlockJUnit4ClassRunner.runChild(BlockJUnit4ClassRunner.java:78)
02-06 14:29:40.953  3962  3982 E TestRunner: 	at org.junit.runners.BlockJUnit4ClassRunner.runChild(BlockJUnit4ClassRunner.java:57)
02-06 14:29:40.953  3962  3982 E TestRunner: 	at org.junit.runners.ParentRunner$3.run(ParentRunner.java:290)
02-06 14:29:40.953  3962  3982 E TestRunner: 	at org.junit.runners.ParentRunner$1.schedule(ParentRunner.java:71)
02-06 14:29:40.953  3962  3982 E TestRunner: 	at org.junit.runners.ParentRunner.runChildren(ParentRunner.java:288)
02-06 14:29:40.953  3962  3982 E TestRunner: 	at org.junit.runners.ParentRunner.access$000(ParentRunner.java:58)
02-06 14:29:40.953  3962  3982 E TestRunner: 	at org.junit.runners.ParentRunner$2.evaluate(ParentRunner.java:268)
02-06 14:29:40.953  3962  3982 E TestRunner: 	at org.junit.runners.ParentRunner.run(ParentRunner.java:363)
02-06 14:29:40.953  3962  3982 E TestRunner: 	at androidx.test.ext.junit.runners.AndroidJUnit4.run(AndroidJUnit4.java:162)
02-06 14:29:40.953  3962  3982 E TestRunner: 	at org.junit.runners.Suite.runChild(Suite.java:128)
02-06 14:29:40.953  3962  3982 E TestRunner: 	at org.junit.runners.Suite.runChild(Suite.java:27)
02-06 14:29:40.953  3962  3982 E TestRunner: 	at org.junit.runners.ParentRunner$3.run(ParentRunner.java:290)
02-06 14:29:40.953  3962  3982 E TestRunner: 	at org.junit.runners.ParentRunner$1.schedule(ParentRunner.java:71)
02-06 14:29:40.953  3962  3982 E TestRunner: 	at org.junit.runners.ParentRunner.runChildren(ParentRunner.java:288)
02-06 14:29:40.953  3962  3982 E TestRunner: 	at org.junit.runners.ParentRunner.access$000(ParentRunner.java:58)
02-06 14:29:40.953  3962  3982 E TestRunner: 	at org.junit.runners.ParentRunner$2.evaluate(ParentRunner.java:268)
02-06 14:29:40.953  3962  3982 E TestRunner: 	at org.junit.runners.ParentRunner.run(ParentRunner.java:363)
02-06 14:29:40.953  3962  3982 E TestRunner: 	at org.junit.runner.JUnitCore.run(JUnitCore.java:137)
02-06 14:29:40.953  3962  3982 E TestRunner: 	at org.junit.runner.JUnitCore.run(JUnitCore.java:115)
02-06 14:29:40.953  3962  3982 E TestRunner: 	at androidx.test.internal.runner.TestExecutor.execute(TestExecutor.java:56)
02-06 14:29:40.953  3962  3982 E TestRunner: 	at androidx.test.runner.AndroidJUnitRunner.onStart(AndroidJUnitRunner.java:444)
02-06 14:29:40.953  3962  3982 E TestRunner: 	at android.app.Instrumentation$InstrumentationThread.run(Instrumentation.java:2205)
02-06 14:29:40.954  3962  3982 E TestRunner: ----- end exception -----
02-06 14:29:40.957  3962  3982 I TestRunner: finished: navigate_to_start_order_from_side_menu(com.example.lunchtray.NavigationTests)
