02-06 14:29:24.607  3962  3982 I TestRunner: started: navigate_to_start_order_from_checkout(com.example.lunchtray.NavigationTests)
02-06 14:29:24.635  3962  3982 W Settings: Setting always_finish_activities has moved from android.provider.Settings.System to android.provider.Settings.Global, returning read-only value.
02-06 14:29:24.660   503   525 D EventSequenceValidator: Transition from ACTIVITY_FINISHED to INTENT_STARTED
02-06 14:29:24.695   503   525 D EventSequenceValidator: Transition from INTENT_STARTED to ACTIVITY_LAUNCHED
02-06 14:29:24.700   503  3346 W InputReader: Device virtio_input_multi_touch_10 is associated with display ADISPLAY_ID_NONE.
02-06 14:29:24.701   503  3346 W InputReader: Device virtio_input_multi_touch_9 is associated with display ADISPLAY_ID_NONE.
02-06 14:29:24.701   503  3346 W InputReader: Device virtio_input_multi_touch_6 is associated with display ADISPLAY_ID_NONE.
02-06 14:29:24.701   503  3346 W InputReader: Device virtio_input_multi_touch_3 is associated with display ADISPLAY_ID_NONE.
02-06 14:29:24.701   503  3346 W InputReader: Device virtio_input_multi_touch_4 is associated with display ADISPLAY_ID_NONE.
02-06 14:29:24.701   503  3346 W InputReader: Device virtio_input_multi_touch_7 is associated with display ADISPLAY_ID_NONE.
02-06 14:29:24.701   503  3346 W InputReader: Device virtio_input_multi_touch_8 is associated with display ADISPLAY_ID_NONE.
02-06 14:29:24.701   503  3346 W InputReader: Device virtio_input_multi_touch_11 is associated with display ADISPLAY_ID_NONE.
02-06 14:29:24.701   503  3346 W InputReader: Device virtio_input_multi_touch_5 is associated with display ADISPLAY_ID_NONE.
02-06 14:29:24.701   503  3346 W InputReader: Device virtio_input_multi_touch_2 is associated with display ADISPLAY_ID_NONE.
02-06 14:29:24.704   503  3346 W InputReader: Device virtio_input_multi_touch_10 is associated with display ADISPLAY_ID_NONE.
02-06 14:29:24.704   503  3346 W InputReader: Device virtio_input_multi_touch_9 is associated with display ADISPLAY_ID_NONE.
02-06 14:29:24.704   503  3346 W InputReader: Device virtio_input_multi_touch_6 is associated with display ADISPLAY_ID_NONE.
02-06 14:29:24.704   503  3346 W InputReader: Device virtio_input_multi_touch_3 is associated with display ADISPLAY_ID_NONE.
02-06 14:29:24.704   503  3346 W InputReader: Device virtio_input_multi_touch_4 is associated with display ADISPLAY_ID_NONE.
02-06 14:29:24.704   503  3346 W InputReader: Device virtio_input_multi_touch_7 is associated with display ADISPLAY_ID_NONE.
02-06 14:29:24.704   503  3346 W InputReader: Device virtio_input_multi_touch_8 is associated with display ADISPLAY_ID_NONE.
02-06 14:29:24.704   503  3346 W InputReader: Device virtio_input_multi_touch_11 is associated with display ADISPLAY_ID_NONE.
02-06 14:29:24.704   395   395 I perfetto: ing_service_impl.cc:758 Configured tracing session 19, #sources:1, duration:5000 ms, #buffers:1, total buffer size:4096 KB, total sessions:1, uid:1071 session name: ""
02-06 14:29:24.704   503  3346 W InputReader: Device virtio_input_multi_touch_5 is associated with display ADISPLAY_ID_NONE.
02-06 14:29:24.704   503  3346 W InputReader: Device virtio_input_multi_touch_2 is associated with display ADISPLAY_ID_NONE.
02-06 14:29:24.709   393   393 I perfetto: probes_producer.cc:230  Ftrace setup (target_buf=19)
02-06 14:29:24.753   287   344 D goldfish-address-space: claimShared: Ask to claim region [0x3f9194000 0x3f9518000]
02-06 14:29:24.764  3962  3962 D LifecycleMonitor: Lifecycle status change: androidx.test.core.app.InstrumentationActivityInvoker$BootstrapActivity@de4a84e in: PRE_ON_CREATE
02-06 14:29:24.765  3962  3962 V ActivityScenario: Activity lifecycle changed event received but ignored because the intent does not match. startActivityIntent=Intent { act=android.intent.action.MAIN cat=[android.intent.category.LAUNCHER] cmp=com.example.lunchtray/androidx.fragment.app.testing.FragmentScenario$EmptyFragmentActivity (has extras) }, activity.getIntent()=Intent { act=android.intent.action.MAIN cat=[android.intent.category.LAUNCHER] flg=0x10008000 cmp=com.example.lunchtray/androidx.test.core.app.InstrumentationActivityInvoker$BootstrapActivity (has extras) }, activity=androidx.test.core.app.InstrumentationActivityInvoker$BootstrapActivity@de4a84e
02-06 14:29:24.888  3962  3962 D LifecycleMonitor: Lifecycle status change: androidx.test.core.app.InstrumentationActivityInvoker$BootstrapActivity@de4a84e in: CREATED
02-06 14:29:24.892  3962  3962 V ActivityScenario: Activity lifecycle changed event received but ignored because the intent does not match. startActivityIntent=Intent { act=android.intent.action.MAIN cat=[android.intent.category.LAUNCHER] cmp=com.example.lunchtray/androidx.fragment.app.testing.FragmentScenario$EmptyFragmentActivity (has extras) }, activity.getIntent()=Intent { act=android.intent.action.MAIN cat=[android.intent.category.LAUNCHER] flg=0x10008000 cmp=com.example.lunchtray/androidx.test.core.app.InstrumentationActivityInvoker$BootstrapActivity (has extras) }, activity=androidx.test.core.app.InstrumentationActivityInvoker$BootstrapActivity@de4a84e
02-06 14:29:24.907  3962  3962 D LifecycleMonitor: Lifecycle status change: androidx.test.core.app.InstrumentationActivityInvoker$BootstrapActivity@de4a84e in: STARTED
02-06 14:29:24.908  3962  3962 V ActivityScenario: Activity lifecycle changed event received but ignored because the intent does not match. startActivityIntent=Intent { act=android.intent.action.MAIN cat=[android.intent.category.LAUNCHER] cmp=com.example.lunchtray/androidx.fragment.app.testing.FragmentScenario$EmptyFragmentActivity (has extras) }, activity.getIntent()=Intent { act=android.intent.action.MAIN cat=[android.intent.category.LAUNCHER] flg=0x10008000 cmp=com.example.lunchtray/androidx.test.core.app.InstrumentationActivityInvoker$BootstrapActivity (has extras) }, activity=androidx.test.core.app.InstrumentationActivityInvoker$BootstrapActivity@de4a84e
02-06 14:29:24.926  3962  3962 D LifecycleMonitor: Lifecycle status change: androidx.test.core.app.InstrumentationActivityInvoker$BootstrapActivity@de4a84e in: RESUMED
02-06 14:29:24.926  3962  3962 V ActivityScenario: Activity lifecycle changed event received but ignored because the intent does not match. startActivityIntent=Intent { act=android.intent.action.MAIN cat=[android.intent.category.LAUNCHER] cmp=com.example.lunchtray/androidx.fragment.app.testing.FragmentScenario$EmptyFragmentActivity (has extras) }, activity.getIntent()=Intent { act=android.intent.action.MAIN cat=[android.intent.category.LAUNCHER] flg=0x10008000 cmp=com.example.lunchtray/androidx.test.core.app.InstrumentationActivityInvoker$BootstrapActivity (has extras) }, activity=androidx.test.core.app.InstrumentationActivityInvoker$BootstrapActivity@de4a84e
02-06 14:29:25.013  3962  3992 D libEGL  : loaded /vendor/lib/egl/libEGL_emulation.so
02-06 14:29:25.015  3962  3992 D libEGL  : loaded /vendor/lib/egl/libGLESv1_CM_emulation.so
02-06 14:29:25.026  3962  3992 D libEGL  : loaded /vendor/lib/egl/libGLESv2_emulation.so
02-06 14:29:25.061   393   393 I perfetto: ftrace_procfs.cc:176    enabled ftrace
02-06 14:29:25.063  3962  3962 D LifecycleMonitor: Lifecycle status change: androidx.test.core.app.InstrumentationActivityInvoker$BootstrapActivity@de4a84e in: PAUSED
02-06 14:29:25.064  3962  3962 V ActivityScenario: Activity lifecycle changed event received but ignored because the intent does not match. startActivityIntent=Intent { act=android.intent.action.MAIN cat=[android.intent.category.LAUNCHER] cmp=com.example.lunchtray/androidx.fragment.app.testing.FragmentScenario$EmptyFragmentActivity (has extras) }, activity.getIntent()=Intent { act=android.intent.action.MAIN cat=[android.intent.category.LAUNCHER] flg=0x10008000 cmp=com.example.lunchtray/androidx.test.core.app.InstrumentationActivityInvoker$BootstrapActivity (has extras) }, activity=androidx.test.core.app.InstrumentationActivityInvoker$BootstrapActivity@de4a84e
02-06 14:29:25.071   503  3651 W InputReader: Device virtio_input_multi_touch_10 is associated with display ADISPLAY_ID_NONE.
02-06 14:29:25.071   503  3651 W InputReader: Device virtio_input_multi_touch_9 is associated with display ADISPLAY_ID_NONE.
02-06 14:29:25.071   503  3651 W InputReader: Device virtio_input_multi_touch_6 is associated with display ADISPLAY_ID_NONE.
02-06 14:29:25.071   503  3651 W InputReader: Device virtio_input_multi_touch_3 is associated with display ADISPLAY_ID_NONE.
02-06 14:29:25.071   503  3651 W InputReader: Device virtio_input_multi_touch_4 is associated with display ADISPLAY_ID_NONE.
02-06 14:29:25.071   503  3651 W InputReader: Device virtio_input_multi_touch_7 is associated with display ADISPLAY_ID_NONE.
02-06 14:29:25.071   503  3651 W InputReader: Device virtio_input_multi_touch_8 is associated with display ADISPLAY_ID_NONE.
02-06 14:29:25.071   503  3651 W InputReader: Device virtio_input_multi_touch_11 is associated with display ADISPLAY_ID_NONE.
02-06 14:29:25.071   503  3651 W InputReader: Device virtio_input_multi_touch_5 is associated with display ADISPLAY_ID_NONE.
02-06 14:29:25.071   503  3651 W InputReader: Device virtio_input_multi_touch_2 is associated with display ADISPLAY_ID_NONE.
02-06 14:29:25.072   503  3651 W InputReader: Device virtio_input_multi_touch_10 is associated with display ADISPLAY_ID_NONE.
02-06 14:29:25.072   503  3651 W InputReader: Device virtio_input_multi_touch_9 is associated with display ADISPLAY_ID_NONE.
02-06 14:29:25.072   503  3651 W InputReader: Device virtio_input_multi_touch_6 is associated with display ADISPLAY_ID_NONE.
02-06 14:29:25.072   503  3651 W InputReader: Device virtio_input_multi_touch_3 is associated with display ADISPLAY_ID_NONE.
02-06 14:29:25.072   503  3651 W InputReader: Device virtio_input_multi_touch_4 is associated with display ADISPLAY_ID_NONE.
02-06 14:29:25.072   503  3651 W InputReader: Device virtio_input_multi_touch_7 is associated with display ADISPLAY_ID_NONE.
02-06 14:29:25.072   503  3651 W InputReader: Device virtio_input_multi_touch_8 is associated with display ADISPLAY_ID_NONE.
02-06 14:29:25.072   503  3651 W InputReader: Device virtio_input_multi_touch_11 is associated with display ADISPLAY_ID_NONE.
02-06 14:29:25.072   503  3651 W InputReader: Device virtio_input_multi_touch_5 is associated with display ADISPLAY_ID_NONE.
02-06 14:29:25.072   503  3651 W InputReader: Device virtio_input_multi_touch_2 is associated with display ADISPLAY_ID_NONE.
02-06 14:29:25.128   287   344 D goldfish-address-space: claimShared: Ask to claim region [0x3f9518000 0x3f989c000]
02-06 14:29:25.268  3962  3962 D LifecycleMonitor: Lifecycle status change: androidx.fragment.app.testing.FragmentScenario$EmptyFragmentActivity@f9a0680 in: PRE_ON_CREATE
02-06 14:29:25.269  3962  3962 V ActivityScenario: Activity lifecycle changed event received but ignored because the reported transition was not ON_CREATE while the last known transition was PRE_ON_CREATE
02-06 14:29:25.324  3962  3962 D LifecycleMonitor: Lifecycle status change: androidx.fragment.app.testing.FragmentScenario$EmptyFragmentActivity@f9a0680 in: CREATED
02-06 14:29:25.325  3962  3962 V ActivityScenario: Update currentActivityStage to CREATED, currentActivity=androidx.fragment.app.testing.FragmentScenario$EmptyFragmentActivity@f9a0680
02-06 14:29:25.331  3962  3962 D LifecycleMonitor: Lifecycle status change: androidx.fragment.app.testing.FragmentScenario$EmptyFragmentActivity@f9a0680 in: STARTED
02-06 14:29:25.331  3962  3962 V ActivityScenario: Update currentActivityStage to STARTED, currentActivity=androidx.fragment.app.testing.FragmentScenario$EmptyFragmentActivity@f9a0680
02-06 14:29:25.332  3962  3962 D LifecycleMonitor: Lifecycle status change: androidx.fragment.app.testing.FragmentScenario$EmptyFragmentActivity@f9a0680 in: RESUMED
02-06 14:29:25.333  3962  3962 V ActivityScenario: Update currentActivityStage to RESUMED, currentActivity=androidx.fragment.app.testing.FragmentScenario$EmptyFragmentActivity@f9a0680
02-06 14:29:25.355  3962  3962 D LifecycleMonitor: Lifecycle status change: androidx.test.core.app.InstrumentationActivityInvoker$BootstrapActivity@de4a84e in: STOPPED
02-06 14:29:25.356  3962  3962 V ActivityScenario: Activity lifecycle changed event received but ignored because the intent does not match. startActivityIntent=Intent { act=android.intent.action.MAIN cat=[android.intent.category.LAUNCHER] cmp=com.example.lunchtray/androidx.fragment.app.testing.FragmentScenario$EmptyFragmentActivity (has extras) }, activity.getIntent()=Intent { act=android.intent.action.MAIN cat=[android.intent.category.LAUNCHER] flg=0x10008000 cmp=com.example.lunchtray/androidx.test.core.app.InstrumentationActivityInvoker$BootstrapActivity (has extras) }, activity=androidx.test.core.app.InstrumentationActivityInvoker$BootstrapActivity@de4a84e
02-06 14:29:25.458  3962  3990 D HostConnection: HostConnection::get() New Host Connection established 0xf6116120, tid 3990
02-06 14:29:25.500  3962  3990 D HostConnection: HostComposition ext ANDROID_EMU_CHECKSUM_HELPER_v1 ANDROID_EMU_native_sync_v2 ANDROID_EMU_native_sync_v3 ANDROID_EMU_native_sync_v4 ANDROID_EMU_dma_v1 ANDROID_EMU_direct_mem ANDROID_EMU_host_composition_v1 ANDROID_EMU_host_composition_v2 ANDROID_EMU_YUV_Cache ANDROID_EMU_has_shared_slots_host_memory_allocator ANDROID_EMU_sync_buffer_data ANDROID_EMU_read_color_buffer_dma GL_OES_EGL_image_external_essl3 GL_OES_vertex_array_object GL_KHR_texture_compression_astc_ldr ANDROID_EMU_host_side_tracing ANDROID_EMU_gles_max_version_3_0
02-06 14:29:25.514   158   158 I hwservicemanager: getTransport: Cannot find entry android.hardware.configstore@1.0::ISurfaceFlingerConfigs/default in either framework or device manifest.
02-06 14:29:25.518  3962  3990 W OpenGLRenderer: Failed to choose config with EGL_SWAP_BEHAVIOR_PRESERVED, retrying without...
02-06 14:29:25.548  3962  3990 D EGL_emulation: eglCreateContext: 0xf6116ac0: maj 3 min 0 rcv 3
02-06 14:29:25.565  3962  3990 D EGL_emulation: eglMakeCurrent: 0xf6116ac0: ver 3 0 (tinfo 0xf6472c10) (first time)
02-06 14:29:25.578   287   344 D goldfish-address-space: claimShared: Ask to claim region [0x3f989c000 0x3f9c20000]
02-06 14:29:25.581   158   158 I hwservicemanager: getTransport: Cannot find entry android.hardware.graphics.mapper@4.0::IMapper/default in either framework or device manifest.
02-06 14:29:25.582  3962  3990 I Gralloc4: mapper 4.x is not supported
02-06 14:29:25.583  3962  3990 D HostConnection: createUnique: call
02-06 14:29:25.584  3962  3990 D HostConnection: HostConnection::get() New Host Connection established 0xf6115da0, tid 3990
02-06 14:29:25.584  3962  3990 D goldfish-address-space: allocate: Ask for block of size 0x100
02-06 14:29:25.584  3962  3990 D goldfish-address-space: allocate: ioctl allocate returned offset 0x3f7ffe000 size 0x2000
02-06 14:29:25.601  3962  3990 D HostConnection: HostComposition ext ANDROID_EMU_CHECKSUM_HELPER_v1 ANDROID_EMU_native_sync_v2 ANDROID_EMU_native_sync_v3 ANDROID_EMU_native_sync_v4 ANDROID_EMU_dma_v1 ANDROID_EMU_direct_mem ANDROID_EMU_host_composition_v1 ANDROID_EMU_host_composition_v2 ANDROID_EMU_YUV_Cache ANDROID_EMU_has_shared_slots_host_memory_allocator ANDROID_EMU_sync_buffer_data ANDROID_EMU_read_color_buffer_dma GL_OES_EGL_image_external_essl3 GL_OES_vertex_array_object GL_KHR_texture_compression_astc_ldr ANDROID_EMU_host_side_tracing ANDROID_EMU_gles_max_version_3_0
02-06 14:29:25.606   287   344 D goldfish-address-space: claimShared: Ask to claim region [0x3f9c20000 0x3f9fa4000]
02-06 14:29:25.609   287   344 D goldfish-address-space: claimShared: Ask to claim region [0x3f9fa4000 0x3fa328000]
02-06 14:29:25.682   503   525 D EventSequenceValidator: Transition from ACTIVITY_LAUNCHED to ACTIVITY_FINISHED
02-06 14:29:25.712   503   531 D ArtManagerInternalImpl: /data/misc/iorapd/com.example.lunchtray/1/androidx.fragment.app.testing.FragmentScenario$EmptyFragmentActivity/compiled_traces/compiled_trace.pb doesn't exist
02-06 14:29:25.714   503   531 I ActivityTaskManager: Displayed com.example.lunchtray/androidx.fragment.app.testing.FragmentScenario$EmptyFragmentActivity: +1s17ms
02-06 14:29:25.814   405   661 E IPCThreadState: binder thread pool (1 threads) starved for 132 ms
02-06 14:29:25.967  3962  3974 I ample.lunchtra: Background young concurrent copying GC freed 18702(1499KB) AllocSpace objects, 1(20KB) LOS objects, 91% free, 2289KB/26MB, paused 125us total 116.569ms
02-06 14:29:26.208  3962  3982 D EventInjectionStrategy: Creating injection strategy with input manager.
02-06 14:29:26.208  3962  3982 W ample.lunchtra: Accessing hidden method Landroid/hardware/input/InputManager;->getInstance()Landroid/hardware/input/InputManager; (greylist, reflection, allowed)
02-06 14:29:26.208  3962  3982 W ample.lunchtra: Accessing hidden method Landroid/hardware/input/InputManager;->injectInputEvent(Landroid/view/InputEvent;I)Z (greylist, reflection, allowed)
02-06 14:29:26.208  3962  3982 W ample.lunchtra: Accessing hidden field Landroid/hardware/input/InputManager;->INJECT_INPUT_EVENT_MODE_WAIT_FOR_FINISH:I (greylist, reflection, allowed)
02-06 14:29:26.218  3962  3982 W ample.lunchtra: Accessing hidden method Landroid/view/ViewConfiguration;->getDoubleTapMinTime()I (greylist, reflection, allowed)
02-06 14:29:26.222  3962  3962 W ample.lunchtra: Accessing hidden method Landroid/os/MessageQueue;->next()Landroid/os/Message; (greylist, reflection, allowed)
02-06 14:29:26.222  3962  3962 W ample.lunchtra: Accessing hidden field Landroid/os/MessageQueue;->mMessages:Landroid/os/Message; (greylist, reflection, allowed)
02-06 14:29:26.222  3962  3962 W ample.lunchtra: Accessing hidden method Landroid/os/Message;->recycleUnchecked()V (greylist, reflection, allowed)
02-06 14:29:26.224  3962  3962 W ample.lunchtra: Accessing hidden method Landroid/view/WindowManagerGlobal;->getInstance()Landroid/view/WindowManagerGlobal; (greylist, reflection, allowed)
02-06 14:29:26.224  3962  3962 W ample.lunchtra: Accessing hidden field Landroid/view/WindowManagerGlobal;->mViews:Ljava/util/ArrayList; (greylist, reflection, allowed)
02-06 14:29:26.226  3962  3962 W ample.lunchtra: Accessing hidden field Landroid/view/WindowManagerGlobal;->mParams:Ljava/util/ArrayList; (greylist, reflection, allowed)
02-06 14:29:26.231  3962  3962 I ViewInteraction: Performing 'single click' action on view view.getId() is <2131230842/com.example.lunchtray:id/cancel_button>
02-06 14:29:26.495  3962  3982 E TestRunner: failed: navigate_to_start_order_from_checkout(com.example.lunchtray.NavigationTests)
02-06 14:29:26.495  3962  3982 E TestRunner: ----- begin exception -----
02-06 14:29:26.496  3962  3982 E TestRunner: java.lang.AssertionError: expected:<2131230857> but was:<2131231205>
02-06 14:29:26.496  3962  3982 E TestRunner: 	at org.junit.Assert.fail(Assert.java:88)
02-06 14:29:26.496  3962  3982 E TestRunner: 	at org.junit.Assert.failNotEquals(Assert.java:834)
02-06 14:29:26.496  3962  3982 E TestRunner: 	at org.junit.Assert.assertEquals(Assert.java:118)
02-06 14:29:26.496  3962  3982 E TestRunner: 	at org.junit.Assert.assertEquals(Assert.java:144)
02-06 14:29:26.496  3962  3982 E TestRunner: 	at com.example.lunchtray.NavigationTests.navigate_to_start_order_from_checkout(NavigationTests.kt:200)
02-06 14:29:26.496  3962  3982 E TestRunner: 	at java.lang.reflect.Method.invoke(Native Method)
02-06 14:29:26.496  3962  3982 E TestRunner: 	at org.junit.runners.model.FrameworkMethod$1.runReflectiveCall(FrameworkMethod.java:50)
02-06 14:29:26.496  3962  3982 E TestRunner: 	at org.junit.internal.runners.model.ReflectiveCallable.run(ReflectiveCallable.java:12)
02-06 14:29:26.496  3962  3982 E TestRunner: 	at org.junit.runners.model.FrameworkMethod.invokeExplosively(FrameworkMethod.java:47)
02-06 14:29:26.496  3962  3982 E TestRunner: 	at org.junit.internal.runners.statements.InvokeMethod.evaluate(InvokeMethod.java:17)
02-06 14:29:26.496  3962  3982 E TestRunner: 	at org.junit.runners.ParentRunner.runLeaf(ParentRunner.java:325)
02-06 14:29:26.496  3962  3982 E TestRunner: 	at org.junit.runners.BlockJUnit4ClassRunner.runChild(BlockJUnit4ClassRunner.java:78)
02-06 14:29:26.496  3962  3982 E TestRunner: 	at org.junit.runners.BlockJUnit4ClassRunner.runChild(BlockJUnit4ClassRunner.java:57)
02-06 14:29:26.496  3962  3982 E TestRunner: 	at org.junit.runners.ParentRunner$3.run(ParentRunner.java:290)
02-06 14:29:26.496  3962  3982 E TestRunner: 	at org.junit.runners.ParentRunner$1.schedule(ParentRunner.java:71)
02-06 14:29:26.496  3962  3982 E TestRunner: 	at org.junit.runners.ParentRunner.runChildren(ParentRunner.java:288)
02-06 14:29:26.496  3962  3982 E TestRunner: 	at org.junit.runners.ParentRunner.access$000(ParentRunner.java:58)
02-06 14:29:26.496  3962  3982 E TestRunner: 	at org.junit.runners.ParentRunner$2.evaluate(ParentRunner.java:268)
02-06 14:29:26.496  3962  3982 E TestRunner: 	at org.junit.runners.ParentRunner.run(ParentRunner.java:363)
02-06 14:29:26.496  3962  3982 E TestRunner: 	at androidx.test.ext.junit.runners.AndroidJUnit4.run(AndroidJUnit4.java:162)
02-06 14:29:26.496  3962  3982 E TestRunner: 	at org.junit.runners.Suite.runChild(Suite.java:128)
02-06 14:29:26.496  3962  3982 E TestRunner: 	at org.junit.runners.Suite.runChild(Suite.java:27)
02-06 14:29:26.496  3962  3982 E TestRunner: 	at org.junit.runners.ParentRunner$3.run(ParentRunner.java:290)
02-06 14:29:26.496  3962  3982 E TestRunner: 	at org.junit.runners.ParentRunner$1.schedule(ParentRunner.java:71)
02-06 14:29:26.496  3962  3982 E TestRunner: 	at org.junit.runners.ParentRunner.runChildren(ParentRunner.java:288)
02-06 14:29:26.496  3962  3982 E TestRunner: 	at org.junit.runners.ParentRunner.access$000(ParentRunner.java:58)
02-06 14:29:26.496  3962  3982 E TestRunner: 	at org.junit.runners.ParentRunner$2.evaluate(ParentRunner.java:268)
02-06 14:29:26.496  3962  3982 E TestRunner: 	at org.junit.runners.ParentRunner.run(ParentRunner.java:363)
02-06 14:29:26.496  3962  3982 E TestRunner: 	at org.junit.runner.JUnitCore.run(JUnitCore.java:137)
02-06 14:29:26.496  3962  3982 E TestRunner: 	at org.junit.runner.JUnitCore.run(JUnitCore.java:115)
02-06 14:29:26.496  3962  3982 E TestRunner: 	at androidx.test.internal.runner.TestExecutor.execute(TestExecutor.java:56)
02-06 14:29:26.496  3962  3982 E TestRunner: 	at androidx.test.runner.AndroidJUnitRunner.onStart(AndroidJUnitRunner.java:444)
02-06 14:29:26.496  3962  3982 E TestRunner: 	at android.app.Instrumentation$InstrumentationThread.run(Instrumentation.java:2205)
02-06 14:29:26.498  3962  3982 E TestRunner: ----- end exception -----
02-06 14:29:26.500  3962  3982 I TestRunner: finished: navigate_to_start_order_from_checkout(com.example.lunchtray.NavigationTests)
